[project]
description = 'simple'
log-dir = '/workdir/build/logs'
work-dir = '/workdir/build/work'
output-dir = '/workdir/out'
rendered-specs-dir = '/workdir/specs'
lock-dir = '/workdir/locks'
spec-editor = 'legacy'

[component-groups]
[component-groups.default]
specs = ['/workdir/**/*.spec']
excluded-paths = ['/workdir/build/**', '/workdir/out/**']

